[ducbq173023.wixsite.com/mysite.html]
[www.wix.com/favicon.ico]
[static.parastorage.com/unpkg/core-js-bundle@3.2.1/minified.js]
[static.parastorage.com/unpkg/focus-within-polyfill@5.0.9/dist/focus-within-polyfill.js]
[polyfill.io/v3/polyfill.mind82c.js]
[ducbq173023.wixsite.com/mysite/decodeURIComponent(e]
[browser.sentry-cdn.com/5.21.4/bundle.min.js]
[static.parastorage.com/services/santa-resources/resources/viewer/editorUI/fonts.v10.png]
[static.parastorage.com/services/communities-blog-viewer-app/1.970.0/feed-page-viewer.bundle.min.js]
[static.parastorage.com/services/communities-blog-viewer-app/1.970.0/archive-widget-viewer.bundle.min.js]
[static.parastorage.com/services/communities-blog-viewer-app/1.970.0/post-page-viewer.bundle.min.js]
[static.parastorage.com/services/communities-blog-viewer-app/1.970.0/post-list-widget-viewer.bundle.min.js]
[static.parastorage.com/services/communities-blog-viewer-app/1.970.0/category-menu-widget-viewer.bundle.min.js]
[backblue.gif]
[fade.gif]
[index.html]
[static.parastorage.com/services/communities-blog-viewer-app/1.970.0/tag-cloud-widget-viewer.bundle.min.js]
[ducbq173023.wixsite.com/mysite/_api/v2/dynamicmodel.json]
[static.parastorage.com/services/communities-blog-editor-app/1.812.0/editor-app.bundle.min.js]
[static.parastorage.com/services/wix-thunderbolt/dist/clientWorker.a742ae92.bundle.min.js]
[static.parastorage.com/services/wix-form-builder/1.3735.0/editor-app.bundle.min.js]
[static.parastorage.com/services/wix-form-builder/1.3735.0/viewer-app.bundle.min.js]
[static.parastorage.com/services/communities-blog-viewer-app/1.970.0/viewer-script.bundle.min.js]
[static.parastorage.com/services/dbsm-viewer-app/1.1271.0/app.js]
[static.parastorage.com/services/wix-code-viewer-app/1.657.0/app.js]
[static.parastorage.com/services/editor-elements/dist/componentSdks.cc9cc3cb.bundle.min.js]
[static.parastorage.com/services/editor-elements/1.3087.0/componentSSRSdks.bundle.js]
[ducbq173023.wixsite.com/mysite/robots.txt]
[ducbq173023.wixsite.com/mysite/wix-thunderbolt/dist/index.html]
[ducbq173023.wixsite.com/mysite/sitemap.xml]
[ducbq173023.wixsite.com/mysite/feed.xml]
[static.parastorage.com/services/editor-elements/dist/siteAssets.1a273c50.chunk.min.js]
[static.parastorage.com/services/editor-elements/dist/webpack-runtime.94f770e3.bundle.min.js]
[static.parastorage.com/services/wix-thunderbolt/dist/bootstrap-features.c00f5ddc.chunk.min.js]
[ducbq173023.wixsite.com/mysite/$&/index.html]
[ducbq173023.wixsite.com/_partials/index.html]
[static.parastorage.com/services/wix-thunderbolt/dist/main.04e34848.chunk.min.js]
[static.parastorage.com/unpkg/lodash@4.17.15/lodash.min.js]
[static.parastorage.com/services/wix-thunderbolt/dist/wix-code-sdk-providers.12150084.chunk.min.js]
[static.parastorage.com/services/wix-thunderbolt/dist/ooi.791e8a69.chunk.min.js]
[static.parastorage.com/services/wix-thunderbolt/dist/siteMembers.3667ce49.chunk.min.js]
[static.parastorage.com/services/wix-thunderbolt/dist/siteScrollBlocker.58721a33.chunk.min.js]
[static.parastorage.com/services/wix-thunderbolt/dist/tpaCommons.e067cb32.chunk.min.js]
[static.parastorage.com/services/wix-thunderbolt/dist/windowMessageRegistrar.d5270ec6.chunk.min.js]
[static.parastorage.com/services/wix-thunderbolt/dist/platform.afd19439.chunk.min.js]
[static.parastorage.com/services/wix-thunderbolt/dist/vendors_vendor-react-dom.72472ca0.chunk.min.js]
[static.parastorage.com/services/wix-thunderbolt/dist/vendor-react-dom.023dac81.chunk.min.js]
[siteassets.parastorage.com/pages/pages/thunderboltb0ee.json]
[siteassets.parastorage.com/pages/pages/thunderbolt9156.json]
[static.parastorage.com/services/tag-manager-client/1.186.0/siteTags.bundle.min.js]
[ducbq173023.wixsite.com/index.html]
[static.parastorage.com/services/editor-elements/dist/thunderboltElements.d741eca9.bundle.min.js]
[static.parastorage.com/services/wix-perf-measure/1.258.0/wix-perf-measure.bundle.min.js]
[static.parastorage.com/services/wix-thunderbolt/dist/activePopup.18ce594a.chunk.min.js]
[static.parastorage.com/services/wix-thunderbolt/dist/dropdownMenu.9cf4349a.chunk.min.js]
[static.parastorage.com/services/wix-thunderbolt/dist/scrollRestoration.03e88f43.chunk.min.js]
[static.parastorage.com/services/wix-thunderbolt/dist/scrollToAnchor.c6893951.chunk.min.js]
[static.parastorage.com/services/wix-thunderbolt/dist/windowScroll.49a7d6f7.chunk.min.js]
[static.parastorage.com/services/wix-thunderbolt/dist/navigation.937b9bba.chunk.min.js]
[static.parastorage.com/services/wix-thunderbolt/dist/onloadCompsBehaviors.cedb507e.chunk.min.js]
[static.parastorage.com/services/wix-thunderbolt/dist/ooiTpaSharedConfig.a36e9cf5.chunk.min.js]
[static.parastorage.com/services/wix-thunderbolt/dist/pageScroll.7cf3407d.chunk.min.js]
[static.parastorage.com/services/wix-thunderbolt/dist/pageTransitions.5a758677.chunk.min.js]
[static.parastorage.com/services/wix-thunderbolt/dist/platformPubsub.0b65f896.chunk.min.js]
[static.parastorage.com/services/wix-thunderbolt/dist/protectedPages.d23e8f64.chunk.min.js]
[static.parastorage.com/services/wix-thunderbolt/dist/tpa.ab16b02f.chunk.min.js]
[static.parastorage.com/services/editor-elements/dist/bootstrap-components.52bb4d8f.chunk.min.js]
[static.parastorage.com/services/editor-elements/dist/AppWidget.bec60ca6.chunk.min.js]
[static.parastorage.com/services/editor-elements/dist/FormContainer_FormContainerSkin.d09e3060.chunk.min.js]
[static.parastorage.com/services/editor-elements/dist/common-site-members-dialogs.d8adf29b.chunk.min.js]
[static.parastorage.com/services/editor-elements/dist/TextInput.a6290be4.chunk.min.js]
[static.parastorage.com/services/editor-elements/dist/PageGroup.2d2b6566.chunk.min.js]
[static.parastorage.com/services/editor-elements/dist/DropDownMenu_TextOnlyMenuButtonSkin.abc44448.chunk.min.js]
[static.parastorage.com/services/editor-elements/dist/FreemiumBannerDesktop.da12c33c.chunk.min.js]
[ducbq173023.wixsite.com/mysite/work-with-me.html]
[ducbq173023.wixsite.com/mysite/index.html]
[ducbq173023.wixsite.com/mysite/blog.html]
[ducbq173023.wixsite.com/mysite.html]
[ducbq173023.wixsite.com/mysite/decodeURIComponent(e.html]
[ducbq173023.wixsite.com/mysite/wix-thunderbolt/dist/index.html]
[ducbq173023.wixsite.com/mysite/$&/index.html]
[ducbq173023.wixsite.com/_partials/index.html]
[ducbq173023.wixsite.com/mysite/contact.html]
[ducbq173023.wixsite.com/index.html]
[siteassets.parastorage.com/pages/pages/thunderbolt2400.json]
[ducbq173023.wixsite.com/mysite/index.html]
[siteassets.parastorage.com/pages/pages/thunderbolt6eef.json]
[ducbq173023.wixsite.com/mysite/work-with-me.html]
[siteassets.parastorage.com/pages/pages/thunderbolt8237.json]
[siteassets.parastorage.com/pages/pages/thunderbolt59d9.json]
[static.parastorage.com/services/wix-thunderbolt/dist/tpa-components.863b59d6.chunk.min.js]
[static.parastorage.com/services/communities-blog-viewer-app/1.970.0/feed-page-viewer.min.css]
[static.wixstatic.com/media/2e2a49_f881e58e37804a2ba5acc65eee4550c6_mv2.jpg/v1/crop/w_250,h_250,x_62,y_0,scl_0.07,q_30,blur_30/2e2a49_f881e58e37804a2ba5acc65eee4550c6_mv2.jpg]
[static.wixstatic.com/media/2e2a49_f881e58e37804a2ba5acc65eee4550c6_mv2.jpg/v1/fill/w_292,h_219,fp_0.50_0.50,q_90/2e2a49_f881e58e37804a2ba5acc65eee4550c6_mv2.jpg]
[ducbq173023.wixsite.com/mysite/post/5-ways-to-stand-out-from-your-competitors.html]
[static.wixstatic.com/media/2e2a49_864c9b4a28d84e8fb5e5ef0102b39476_mv2.jpg/v1/crop/w_250,h_250,x_0,y_14,scl_0.08,q_30,blur_30/2e2a49_864c9b4a28d84e8fb5e5ef0102b39476_mv2.jpg]
[static.wixstatic.com/media/2e2a49_864c9b4a28d84e8fb5e5ef0102b39476_mv2.jpg/v1/fill/w_292,h_219,fp_0.50_0.50,q_90/2e2a49_864c9b4a28d84e8fb5e5ef0102b39476_mv2.jpg]
[ducbq173023.wixsite.com/mysite/post/great-marketing-with-zero-budget.html]
[static.wixstatic.com/media/2e2a49_02f67a25963b4be2baf8fcde7e4fe127_mv2.jpg/v1/crop/w_250,h_250,x_63,y_0,scl_0.07,q_30,blur_30/2e2a49_02f67a25963b4be2baf8fcde7e4fe127_mv2.jpg]
[static.wixstatic.com/media/2e2a49_02f67a25963b4be2baf8fcde7e4fe127_mv2.jpg/v1/fill/w_292,h_219,fp_0.50_0.50,q_90/2e2a49_02f67a25963b4be2baf8fcde7e4fe127_mv2.jpg]
[ducbq173023.wixsite.com/mysite/post/writing-a-post-people-actually-read.html]
[static.wixstatic.com/media/2e2a49_c43c11966fef41f08f20f74bf0233a33_mv2.jpg/v1/crop/w_250,h_250,x_84,y_0,scl_0.11,q_30,blur_30/2e2a49_c43c11966fef41f08f20f74bf0233a33_mv2.jpg]
[static.wixstatic.com/media/2e2a49_c43c11966fef41f08f20f74bf0233a33_mv2.jpg/v1/fill/w_292,h_219,fp_0.50_0.50,q_90/2e2a49_c43c11966fef41f08f20f74bf0233a33_mv2.jpg]
[static.wixstatic.com/media/2e2a49_4e91a62ac1f9489b92a700a158318470_mv2.png/v1/crop/w_250,h_250,x_120,y_0,scl_0.13,q_30,blur_30/2e2a49_4e91a62ac1f9489b92a700a158318470_mv2.png]
[ducbq173023.wixsite.com/mysite/post/making-friends-with-numbers-data-is-sexy.html]
[static.wixstatic.com/media/2e2a49_4e91a62ac1f9489b92a700a158318470_mv2.png/v1/fill/w_292,h_219,fp_0.50_0.50/2e2a49_4e91a62ac1f9489b92a700a158318470_mv2.png]
[ducbq173023.wixsite.com/mysite/post/press-kit-the-must-have-list.html]
[static.wixstatic.com/media/2e2a49_830e8da378ac4176ae779b1fd2eec443_mv2.jpg/v1/crop/w_250,h_250,x_63,y_0,scl_0.07,q_30,blur_30/2e2a49_830e8da378ac4176ae779b1fd2eec443_mv2.jpg]
[static.wixstatic.com/media/2e2a49_830e8da378ac4176ae779b1fd2eec443_mv2.jpg/v1/fill/w_292,h_219,fp_0.50_0.50,q_90/2e2a49_830e8da378ac4176ae779b1fd2eec443_mv2.jpg]
[ducbq173023.wixsite.com/mysite/post/how-to-get-testimonials-to-grow-your-business.html]
[static.wixstatic.com/media/2e2a49_a44bb315fe0e4ef4b04c683eb71debc3_mv2.jpg/v1/crop/w_250,h_250,x_21,y_0,scl_0.07,q_30,blur_30/2e2a49_a44bb315fe0e4ef4b04c683eb71debc3_mv2.jpg]
[static.wixstatic.com/media/2e2a49_a44bb315fe0e4ef4b04c683eb71debc3_mv2.jpg/v1/fill/w_292,h_219,fp_0.50_0.50,q_90/2e2a49_a44bb315fe0e4ef4b04c683eb71debc3_mv2.jpg]
[ducbq173023.wixsite.com/mysite/post/finding-ideas-for-your-next-podcast.html]
[static.wixstatic.com/media/dccc21_1bcac90d11f2484d968884ae7397770b_mv2.jpg/v1/crop/w_250,h_250,x_63,y_0,scl_0.13,q_30,blur_30/dccc21_1bcac90d11f2484d968884ae7397770b_mv2.jpg]
[static.wixstatic.com/media/dccc21_1bcac90d11f2484d968884ae7397770b_mv2.jpg/v1/fill/w_292,h_219,fp_0.50_0.50,q_90/dccc21_1bcac90d11f2484d968884ae7397770b_mv2.jpg]
[ducbq173023.wixsite.com/mysite/post/seo-tools-to-boost-your-sales.html]
[static.wixstatic.com/media/2e2a49_affa8a562a094e7488061e09e7f9a057_mv2.jpg/v1/crop/w_250,h_250,x_63,y_0,scl_0.07,q_30,blur_30/2e2a49_affa8a562a094e7488061e09e7f9a057_mv2.jpg]
[static.wixstatic.com/media/2e2a49_affa8a562a094e7488061e09e7f9a057_mv2.jpg/v1/fill/w_292,h_219,fp_0.50_0.50,q_90/2e2a49_affa8a562a094e7488061e09e7f9a057_mv2.jpg]
[ducbq173023.wixsite.com/mysite/blog.html]
[ducbq173023.wixsite.com/mysite/post/the-mistake-every-small-business-makes-in-its-first-year.html]
[siteassets.parastorage.com/pages/pages/thunderbolt173c.json]
[static.parastorage.com/services/wix-thunderbolt/dist/backgroundScrub.29708911.chunk.min.js]
[static.parastorage.com/services/editor-elements/dist/TextAreaInput.4f312ee0.chunk.min.js]
[ducbq173023.wixsite.com/mysite/contact.html]
[ducbq173023.wixsite.com/mysite/;-$Path=/;-XSRF-TOKEN=1605043742_hc6rgEH57VcP;-$Path=/;-SameSite=None;-$Path=/;-hs=365205419;-$Path=]
[ducbq173023.wixsite.com/mysite/; $Path=/; XSRF-TOKEN=1605043742_hc6rgEH57VcP; $Path=/; SameSite=None; $Path=/; hs=365205419; $Path=/index.html]
[ducbq173023.wixsite.com/mysite/;-$Path=]
[ducbq173023.wixsite.com/mysite/; $Path=/index.html]
[siteassets.parastorage.com/pages/pages/thunderbolt0977.json]
[static.parastorage.com/services/communities-blog-viewer-app/1.970.0/post-page-viewer.min.css]
[static.wixstatic.com/media/2e2a49_f881e58e37804a2ba5acc65eee4550c6_mv2.jpg/v1/fit/w_300,h_300,al_c,q_5/file.jpg]
[ducbq173023.wixsite.com/mysite/blog/search/.hash.html]
[ducbq173023.wixsite.com/mysite/blog/search/.hash-2.html]
[ducbq173023.wixsite.com/mysite/blog/search/.hash-3.html]
[ducbq173023.wixsite.com/mysite/blog/search/.hash-4.html]
[ducbq173023.wixsite.com/mysite/post/5-ways-to-stand-out-from-your-competitors.html]
[ducbq173023.wixsite.com/mysite/blog/search/.hash-5.html]
[siteassets.parastorage.com/pages/pages/thunderbolt17be.json]
[static.wixstatic.com/media/2e2a49_864c9b4a28d84e8fb5e5ef0102b39476_mv2.jpg/v1/fit/w_300,h_300,al_c,q_5/file.jpg]
[ducbq173023.wixsite.com/mysite/post/great-marketing-with-zero-budget.html]
[static.wixstatic.com/media/2e2a49_02f67a25963b4be2baf8fcde7e4fe127_mv2.jpg/v1/fit/w_300,h_300,al_c,q_5/file.jpg]
[ducbq173023.wixsite.com/mysite/post/writing-a-post-people-actually-read.html]
[static.wixstatic.com/media/2e2a49_c43c11966fef41f08f20f74bf0233a33_mv2.jpg/v1/fit/w_300,h_300,al_c,q_5/file.jpg]
[ducbq173023.wixsite.com/mysite/post/making-friends-with-numbers-data-is-sexy.html]
[static.wixstatic.com/media/2e2a49_4e91a62ac1f9489b92a700a158318470_mv2.png/v1/fit/w_300,h_300,al_c,q_5/file.png]
[ducbq173023.wixsite.com/mysite/post/press-kit-the-must-have-list.html]
[ducbq173023.wixsite.com/mysite/blog/search/.hash-6.html]
[static.wixstatic.com/media/2e2a49_830e8da378ac4176ae779b1fd2eec443_mv2.jpg/v1/fit/w_300,h_300,al_c,q_5/file.jpg]
[ducbq173023.wixsite.com/mysite/post/how-to-get-testimonials-to-grow-your-business.html]
[static.wixstatic.com/media/2e2a49_a44bb315fe0e4ef4b04c683eb71debc3_mv2.jpg/v1/fit/w_300,h_300,al_c,q_5/file.jpg]
[ducbq173023.wixsite.com/mysite/post/finding-ideas-for-your-next-podcast.html]
[static.wixstatic.com/media/dccc21_1bcac90d11f2484d968884ae7397770b_mv2.jpg/v1/fit/w_300,h_300,al_c,q_5/file.jpg]
[ducbq173023.wixsite.com/mysite/post/seo-tools-to-boost-your-sales.html]
[static.wixstatic.com/media/2e2a49_affa8a562a094e7488061e09e7f9a057_mv2.jpg/v1/fit/w_300,h_300,al_c,q_5/file.jpg]
[ducbq173023.wixsite.com/mysite/post/the-mistake-every-small-business-makes-in-its-first-year.html]
[ducbq173023.wixsite.com/mysite/;-$Path=/;-XSRF-TOKEN=1605043742_hc6rgEH57VcP;-$Path=/;-SameSite=None;-$Path=/;-hs=365205419;-$Path=.html]
[ducbq173023.wixsite.com/mysite/;-$Path=.html]
[siteassets.parastorage.com/pages/pages/thunderboltffa6.json]
[ducbq173023.wixsite.com/mysite/blog/search/.hash.html]
[ducbq173023.wixsite.com/mysite/blog/search/.hash-2.html]
[ducbq173023.wixsite.com/mysite/blog/search/.hash-3.html]
[ducbq173023.wixsite.com/mysite/blog/search/.hash-4.html]
[ducbq173023.wixsite.com/mysite/blog/search/.hash-5.html]
[ducbq173023.wixsite.com/mysite/blog/search/.hash-6.html]
[ducbq173023.wixsite.com/mysite/decodeURIComponent(e.html]
[ducbq173023.wixsite.com/mysite/wix-thunderbolt/dist/index.html]
[static.parastorage.com/services/communities-blog-viewer-app/1.970.0/feed-page-viewer.bundle.min.js]
[ducbq173023.wixsite.com/mysite/robots.html]
[ducbq173023.wixsite.com/mysite/feed.html]
[static.parastorage.com/services/santa-resources/resources/viewer/editorUI/fonts.v10.png]
[static.parastorage.com/unpkg/lodash@4.17.15/lodash.min.js]
[ducbq173023.wixsite.com/mysite/sitemap.xml]
[static.parastorage.com/services/editor-elements/dist/thunderboltElements.d741eca9.bundle.min.js]
[ducbq173023.wixsite.com/index.html]
[static.parastorage.com/services/wix-thunderbolt/dist/scrollToAnchor.c6893951.chunk.min.js]
[static.parastorage.com/services/editor-elements/dist/AppWidget.bec60ca6.chunk.min.js]
[static.parastorage.com/services/third-party/fonts/user-site-fonts/fonts/d1b1e866-a411-42ba-8f75-72bf28e23694.svg]
[static.parastorage.com/services/third-party/fonts/user-site-fonts/fonts/9f774d17-c03a-418e-a375-34f3beecbc7a.svg]
[static.parastorage.com/services/third-party/fonts/user-site-fonts/fonts/58ae9be9-5d95-44b6-8b6c-e6da6a46822c.svg]
[static.parastorage.com/services/third-party/fonts/user-site-fonts/fonts/b0268c31-e450-4159-bfea-e0d20e2b5c0c.svg]
[static.parastorage.com/services/third-party/fonts/user-site-fonts/fonts/20577853-40a7-4ada-a3fb-dd6e9392f401.svg]
[static.parastorage.com/services/third-party/fonts/user-site-fonts/fonts/dc423cc1-bf86-415c-bc7d-ad7dde416a34.svg]
[ducbq173023.wixsite.com/mysite/; $Path=/index.html]
[static.parastorage.com/services/communities-blog-viewer-app/1.970.0/feed-page-viewer.min.css]
[ducbq173023.wixsite.com/mysite/post/great-marketing-with-zero-budget.html]
[ducbq173023.wixsite.com/mysite/post/press-kit-the-must-have-list.html]
[static.parastorage.com/services/third-party/fonts/user-site-fonts/fonts/14d6bf5d-15f1-4794-b18e-c03fb9a5187e.svg]
[static.parastorage.com/services/third-party/fonts/user-site-fonts/fonts/ab9cd062-380f-4b53-b1a7-c0bec7402235.svg]
[static.parastorage.com/services/communities-blog-viewer-app/1.970.0/post-page-viewer.min.css]
[ducbq173023.wixsite.com/mysite/blog/search/.hash.html]
[ducbq173023.wixsite.com/mysite/blog/search/.hash-6.html]
