[baloo.az-theme.net/index.html]
[backblue.gif]
[fade.gif]
[index.html]
[baloo.az-theme.net/wp-includes/css/dist/block-library/style.min0606.css]
[baloo.az-theme.net/wp-content/plugins/contact-form-7/includes/css/styles58e0.css]
[fonts.googleapis.com/index.html]
[baloo.az-theme.net/feed/index.html]
[baloo.az-theme.net/comments/feed/index.html]
[baloo.az-theme.net/wp-content/themes/baloo/libs/bootstrap/bootstrap0606.css]
[baloo.az-theme.net/wp-content/themes/baloo/libs/font-awesome/css/all0606.css]
[baloo.az-theme.net/wp-content/themes/baloo/libs/chosen/chosen0606.css]
[baloo.az-theme.net/wp-content/themes/baloo/libs/owl/owl.carousel0606.css]
[baloo.az-theme.net/wp-content/themes/baloo/style0606.css]
[baloo.az-theme.net/wp-content/uploads/2019/05/bg-body.jpg]
[baloo.az-theme.net/wp-includes/js/jquery/jquery4a5f.js]
[baloo.az-theme.net/wp-includes/js/jquery/jquery-migrate.min330a.js]
[baloo.az-theme.net/xmlrpc0db0.php]
[baloo.az-theme.net/wp-includes/wlwmanifest.xml]
[baloo.az-theme.net/wp-json/index.html]
[baloo.az-theme.net/wp-content/uploads/2019/05/logo.png]
[baloo.az-theme.net/wp-content/uploads/2019/05/about.jpg]
[baloo.az-theme.net/wp-content/uploads/2019/05/baloo-signature.png]
[baloo.az-theme.net/wp-content/uploads/2019/05/iryna-ogarkova-447661-unsplash-585x390.jpg]
[baloo.az-theme.net/wp-content/uploads/2019/05/jannis-brandt-256862-unsplash1-585x390.jpg]
[baloo.az-theme.net/wp-content/uploads/2019/05/brooke-lark-158017-unsplash-585x390.jpg]
[baloo.az-theme.net/21-crazy-fast-dessert-recipes-that-crush-sugar/index.html]
[baloo.az-theme.net/wp-content/uploads/2019/05/brooke-lark-96398-unsplash-585x390.jpg]
[baloo.az-theme.net/how-to-take-the-perfect-selfie-according-to-a-celebrity/index.html]
[baloo.az-theme.net/wp-content/uploads/2019/05/valerie-elash-1252873-unsplash.jpg]
[baloo.az-theme.net/what-to-make-for-dinner-every-night-this-month/index.html]
[baloo.az-theme.net/wp-content/uploads/2019/05/boxed-water-is-better-1463992-unsplash.jpg]
[baloo.az-theme.net/self-healing-material-that-can-carry-current-may-advance-robotics/index.html]
[baloo.az-theme.net/wp-content/uploads/2019/05/raychan-1213972-unsplash.jpg]
[baloo.az-theme.net/wp-content/uploads/2019/05/paige-cody-1276949-unsplash.jpg]
[baloo.az-theme.net/wp-content/uploads/2019/05/jonathan-borba-1500705-unsplash.jpg]
[baloo.az-theme.net/wp-content/uploads/2019/05/ali-pazani-1524042-unsplash.jpg]
[baloo.az-theme.net/egyptair-flight-crashes-with-66-people-on-board-3/index.html]
[baloo.az-theme.net/wp-content/uploads/2019/05/orlova-maria-1357001-unsplash.jpg]
[baloo.az-theme.net/wp-content/uploads/2019/05/john-mark-arnold-223717-unsplash.jpg]
[baloo.az-theme.net/here-are-the-15-best-bralettes-for-summer-you-can-get-for-under-200/index.html]
[baloo.az-theme.net/wp-content/uploads/2019/05/galina-n-200668-unsplash.jpg]
[baloo.az-theme.net/angelina-jolie-has-found-the-perfect-summer-office-uniform/index.html]
[baloo.az-theme.net/the-driving-forces-powering-mens-fashion-today/index.html]
[baloo.az-theme.net/category/lifestyle/index.html]
[baloo.az-theme.net/category/travel/index.html]
[baloo.az-theme.net/wp-content/uploads/2019/05/iryna-ogarkova-447661-unsplash.jpg]
[baloo.az-theme.net/category/fashion/index.html]
[baloo.az-theme.net/wp-content/uploads/2019/05/jannis-brandt-256862-unsplash1.jpg]
[baloo.az-theme.net/about/index.html]
[baloo.az-theme.net/angelina-jolies-secret-style-weapon-the-top-handle-tote/index.html]
[baloo.az-theme.net/contact/index.html]
[baloo.az-theme.net/wp-content/uploads/2019/05/brooke-lark-158017-unsplash.jpg]
[baloo.az-theme.net/yes-kylie-jenners-party-clutch-is-a-blinged-out-bodega-bag/index.html]
[baloo.az-theme.net/wp-content/uploads/2019/05/brooke-lark-96398-unsplash.jpg]
[baloo.az-theme.net/special-cloth-alert-cut-from-a-special-cloth/index.html]
[baloo.az-theme.net/wp-content/uploads/2019/05/valerie-elash-1252873-unsplash-585x390.jpg]
[baloo.az-theme.net/shop-these-top-15-sleek-alternatives-to-the-bulky-backpack/index.html]
[baloo.az-theme.net/blake-lively-keeps-cool-in-the-casual-off-duty-suit/index.html]
[baloo.az-theme.net/wp-content/uploads/2019/05/boxed-water-is-better-1463992-unsplash-585x390.jpg]
[baloo.az-theme.net/category/food-drink/index.html]
[baloo.az-theme.net/wp-content/uploads/2019/05/raychan-1213972-unsplash-585x390.jpg]
[baloo.az-theme.net/wp-content/uploads/2019/05/paige-cody-1276949-unsplash-585x390.jpg]
[baloo.az-theme.net/wp-content/uploads/2019/05/john-mark-arnold-223717-unsplash-585x390.jpg]
[baloo.az-theme.net/wp-content/uploads/2019/05/gabrielle-henderson-701889-unsplash-585x390.jpg]
[baloo.az-theme.net/wp-content/uploads/2019/05/igor-son-285029-unsplash-585x390.jpg]
[baloo.az-theme.net/category/world-news/index.html]
[baloo.az-theme.net/wp-content/uploads/2019/05/gabrielle-henderson-1290768-unsplash-585x390.jpg]
[baloo.az-theme.net/wp-content/uploads/2019/05/plush-design-studio-747795-unsplash-585x390.jpg]
[baloo.az-theme.net/duis-aute-irure-dolor-in-reprehenderit-in-voluptate-velit/index.html]
[baloo.az-theme.net/wp-content/uploads/2019/05/magda-fou-421485-unsplash-585x390.jpg]
[baloo.az-theme.net/they-key-is-to-have-every-key-the-key-to-open-every-door/index.html]
[baloo.az-theme.net/of-course-they-dont-want-us-to-eat-our-breakfast/index.html]
[baloo.az-theme.net/wp-content/uploads/2019/05/arnel-hasanovic-375269-unsplash-585x390.jpg]
[baloo.az-theme.net/wp-content/uploads/2019/05/heidi-sandstrom-259886-unsplash-585x390.jpg]
[baloo.az-theme.net/as-steve-kerr-admitted-before-the-warriors/index.html]
[baloo.az-theme.net/as-steve-kerr-admitted-before-the-warriors-2/index.html]
[baloo.az-theme.net/egyptair-flight-crashes-with-66-people-on-board-2/index.html]
[baloo.az-theme.net/wp-content/uploads/2019/05/gabrielle-henderson-701889-unsplash.jpg]
[baloo.az-theme.net/lets-see-what-chef-dee-got-that-they-dont-want-us-to-eat/index.html]
[baloo.az-theme.net/wp-content/uploads/2019/05/jonathan-borba-1500705-unsplash-585x390.jpg]
[baloo.az-theme.net/wp-content/uploads/2019/05/ali-pazani-1524042-unsplash-585x390.jpg]
[baloo.az-theme.net/page/3/index.html]
[baloo.az-theme.net/page/2/index.html]
[baloo.az-theme.net/wp-content/uploads/2019/05/galina-n-200668-unsplash-585x390.jpg]
[baloo.az-theme.net/wp-content/uploads/2019/05/paige-cody-1276949-unsplash-690x460.jpg]
[baloo.az-theme.net/wp-content/uploads/2019/05/logo-ft.png]
[baloo.az-theme.net/wp-content/plugins/contact-form-7/includes/js/scripts58e0.js]
[baloo.az-theme.net/wp-content/themes/baloo/libs/fitvids/fitvids0606.js]
[baloo.az-theme.net/wp-content/themes/baloo/libs/owl/owl.carousel0606.js]
[baloo.az-theme.net/wp-content/themes/baloo/libs/chosen/chosen0606.js]
[baloo.az-theme.net/wp-content/themes/baloo/libs/sticky-sidebar/sticky-sidebar0606.js]
[baloo.az-theme.net/wp-includes/js/imagesloaded.min55a0.js]
[baloo.az-theme.net/wp-content/themes/baloo/libs/isotope/isotope.pkgd0606.js]
[baloo.az-theme.net/wp-content/themes/baloo/assets/js/baloo-blog-masonry0606.js]
[baloo.az-theme.net/wp-content/themes/baloo/assets/js/baloo-scripts0606.js]
[baloo.az-theme.net/wp-includes/js/wp-embed.min0606.js]
[baloo.az-theme.net/wp-content/plugins/mailchimp-for-wp/assets/js/forms-api.min4906.js]
[baloo.az-theme.net/index.html]
[fonts.googleapis.com/index.html]
[s.w.org/index.html]
[fonts.googleapis.com/cssbb64.css]
[baloo.az-theme.net/wp-content/plugins/shared-counts/assets/css/shared-counts.min6f3e.css]
[baloo.az-theme.net/21-crazy-fast-dessert-recipes-that-crush-sugar/feed/index.html]
[baloo.az-theme.net/wp-json/oembed/1.0/embed1b8d.json]
[baloo.az-theme.net/egyptair-flight-crashes-with-66-people-on-board/index.html]
[baloo.az-theme.net/wp-json/oembed/1.0/embed6d01]
[baloo.az-theme.net/wp-content/uploads/2019/05/iryna-ogarkova-447661-unsplash-1200x700.jpg]
[baloo.az-theme.net/wp-content/uploads/2019/05/elli-o-212646-unsplash-683x1024.jpg]
[baloo.az-theme.net/wp-content/uploads/2019/05/armin-djuhic-1361030-unsplash-767x1024.jpg]
[baloo.az-theme.net/wp-content/uploads/2019/05/brooke-lark-209708-unsplash-1024x683.jpg]
[baloo.az-theme.net/wp-content/uploads/2019/05/gabrielle-henderson-1297728-unsplash-1024x683.jpg]
[baloo.az-theme.net/wp-content/uploads/2019/05/brooke-lark-96398-unsplash-570x524.jpg]
[baloo.az-theme.net/wp-content/uploads/2019/05/jannis-brandt-256862-unsplash1-570x524.jpg]
[baloo.az-theme.net/wp-content/uploads/2019/05/arnel-hasanovic-375269-unsplash-570x524.jpg]
[baloo.az-theme.net/wp-content/plugins/shared-counts/assets/js/shared-counts.min6f3e.js]
[baloo.az-theme.net/wp-includes/js/comment-reply.min0606.js]
[baloo.az-theme.net/21-crazy-fast-dessert-recipes-that-crush-sugar/index.html]
[baloo.az-theme.net/wp-json/oembed/1.0/embed765d.json]
[baloo.az-theme.net/how-to-take-the-perfect-selfie-according-to-a-celebrity/feed/index.html]
[baloo.az-theme.net/wp-json/oembed/1.0/embede95f]
[baloo.az-theme.net/wp-content/uploads/2019/05/jannis-brandt-256862-unsplash1-1200x700.jpg]
[baloo.az-theme.net/wp-content/uploads/2019/05/iryna-ogarkova-447661-unsplash-570x524.jpg]
[baloo.az-theme.net/wp-content/uploads/2019/05/brooke-lark-158017-unsplash-570x524.jpg]
[baloo.az-theme.net/how-to-take-the-perfect-selfie-according-to-a-celebrity/index.html]
[baloo.az-theme.net/wp-json/oembed/1.0/embed787e.json]
[baloo.az-theme.net/wp-json/oembed/1.0/embedcd0a]
[baloo.az-theme.net/what-to-make-for-dinner-every-night-this-month/feed/index.html]
[baloo.az-theme.net/wp-content/uploads/2019/05/brooke-lark-158017-unsplash-1200x700.jpg]
[baloo.az-theme.net/what-to-make-for-dinner-every-night-this-month/index.html]
[baloo.az-theme.net/wp-json/oembed/1.0/embedcccc.json]
[baloo.az-theme.net/wp-json/oembed/1.0/embed63df]
[baloo.az-theme.net/wp-content/uploads/2019/05/brooke-lark-96398-unsplash-1200x700.jpg]
[baloo.az-theme.net/self-healing-material-that-can-carry-current-may-advance-robotics/index.html]
[baloo.az-theme.net/self-healing-material-that-can-carry-current-may-advance-robotics/feed/index.html]
[baloo.az-theme.net/index25b0.html]
[baloo.az-theme.net/indexe59f.html]
[baloo.az-theme.net/index1676.html]
[baloo.az-theme.net/indexd419.html]
[baloo.az-theme.net/index555f.html]
[baloo.az-theme.net/index8f25.html]
[baloo.az-theme.net/index5bdd.html]
[baloo.az-theme.net/index5dcc.html]
[baloo.az-theme.net/index0627.html]
[baloo.az-theme.net/indexd3ac.html]
[baloo.az-theme.net/index1435.html]
[baloo.az-theme.net/index570c.html]
[baloo.az-theme.net/index490b.html]
[baloo.az-theme.net/index136f.html]
[baloo.az-theme.net/indexd1be.html]
[baloo.az-theme.net/index2567.html]
[baloo.az-theme.net/index82ad.html]
[baloo.az-theme.net/indexa199.html]
[baloo.az-theme.net/indexa246.html]
[baloo.az-theme.net/index8a84.html]
[baloo.az-theme.net/indexf9d2.html]
[baloo.az-theme.net/wp-json/oembed/1.0/embedd46f.json]
[baloo.az-theme.net/wp-json/oembed/1.0/embed1d99]
[baloo.az-theme.net/egyptair-flight-crashes-with-66-people-on-board-3/feed/index.html]
[baloo.az-theme.net/wp-content/uploads/2019/05/galina-n-200668-unsplash-1200x700.jpg]
[baloo.az-theme.net/wp-content/uploads/2019/05/jonathan-borba-1500705-unsplash-570x524.jpg]
[baloo.az-theme.net/wp-content/uploads/2019/05/paige-cody-1276949-unsplash-570x524.jpg]
[baloo.az-theme.net/wp-content/uploads/2019/05/ishan-seefromthesky-1113275-unsplash-570x524.jpg]
[baloo.az-theme.net/egyptair-flight-crashes-with-66-people-on-board-3/index.html]
[baloo.az-theme.net/wp-json/oembed/1.0/embed399d.json]
[baloo.az-theme.net/wp-json/oembed/1.0/embeded30]
[baloo.az-theme.net/here-are-the-15-best-bralettes-for-summer-you-can-get-for-under-200/feed/index.html]
[baloo.az-theme.net/wp-content/uploads/2019/05/boxed-water-is-better-1463992-unsplash-1200x700.jpg]
[baloo.az-theme.net/wp-content/uploads/2019/05/caleb-hanson-1157387-unsplash-683x1024.jpg]
[baloo.az-theme.net/wp-content/uploads/2019/05/ryan-moreno-1289594-unsplash-768x1024.jpg]
[baloo.az-theme.net/wp-content/uploads/2019/05/raychan-1228069-unsplash-683x1024.jpg]
[baloo.az-theme.net/wp-content/uploads/2019/05/raychan-1213972-unsplash-570x524.jpg]
[baloo.az-theme.net/wp-content/uploads/2019/05/ali-pazani-1524042-unsplash-570x524.jpg]
[baloo.az-theme.net/wp-content/uploads/2019/05/igor-son-285029-unsplash-570x524.jpg]
[baloo.az-theme.net/here-are-the-15-best-bralettes-for-summer-you-can-get-for-under-200/index.html]
[baloo.az-theme.net/wp-json/oembed/1.0/embedb4d3.json]
[baloo.az-theme.net/the-driving-forces-powering-mens-fashion-today/feed/index.html]
[baloo.az-theme.net/wp-content/uploads/2019/05/raychan-1213972-unsplash-1200x700.jpg]
[baloo.az-theme.net/wp-content/uploads/2019/05/boxed-water-is-better-1463992-unsplash-570x524.jpg]
[baloo.az-theme.net/wp-content/uploads/2019/05/valerie-elash-1252873-unsplash-570x524.jpg]
[baloo.az-theme.net/the-driving-forces-powering-mens-fashion-today/index.html]
[baloo.az-theme.net/wp-json/oembed/1.0/embed06dd.json]
[baloo.az-theme.net/angelina-jolie-has-found-the-perfect-summer-office-uniform/feed/index.html]
[baloo.az-theme.net/wp-json/oembed/1.0/embedac12]
[baloo.az-theme.net/wp-content/uploads/2019/05/paige-cody-1276949-unsplash-1200x700.jpg]
[baloo.az-theme.net/wp-content/uploads/2019/05/magda-fou-421485-unsplash-570x524.jpg]
[baloo.az-theme.net/angelina-jolie-has-found-the-perfect-summer-office-uniform/index.html]
[baloo.az-theme.net/wp-content/uploads/2019/05/magda-fou-421485-unsplash.jpg]
[baloo.az-theme.net/wp-content/uploads/2019/05/plush-design-studio-747795-unsplash.jpg]
[baloo.az-theme.net/category/lifestyle/feed/index.html]
[baloo.az-theme.net/wp-content/uploads/2019/05/arnel-hasanovic-375269-unsplash.jpg]
[baloo.az-theme.net/wp-content/uploads/2019/05/heidi-sandstrom-259886-unsplash.jpg]
[baloo.az-theme.net/wp-content/uploads/2019/05/ishan-seefromthesky-1113275-unsplash.jpg]
[baloo.az-theme.net/category/lifestyle/index.html]
[baloo.az-theme.net/wp-content/uploads/2019/05/taneli-lahtinen-1027400-unsplash.jpg]
[baloo.az-theme.net/category/travel/index.html]
[baloo.az-theme.net/category/travel/feed/index.html]
[baloo.az-theme.net/wp-json/oembed/1.0/embed31e4.json]
[baloo.az-theme.net/i-take-better-pictures-caffeinated/index.html]
[baloo.az-theme.net/wp-json/oembed/1.0/embed12a9]
[baloo.az-theme.net/wp-content/uploads/2019/05/about-1170x700.jpg]
[baloo.az-theme.net/about/index.html]
[baloo.az-theme.net/wp-json/oembed/1.0/embed37d3.json]
[baloo.az-theme.net/wp-json/oembed/1.0/embed7a3c]
[baloo.az-theme.net/wp-content/uploads/2019/05/plush-design-studio-747795-unsplash-1200x700.jpg]
[baloo.az-theme.net/contact/index.html]
[baloo.az-theme.net/wp-content/uploads/2019/05/igor-son-285029-unsplash.jpg]
[baloo.az-theme.net/category/fashion/index.html]
[baloo.az-theme.net/category/fashion/feed/index.html]
[baloo.az-theme.net/wp-json/oembed/1.0/embed1fb9.json]
[baloo.az-theme.net/wp-json/oembed/1.0/embed51a7]
[baloo.az-theme.net/angelina-jolies-secret-style-weapon-the-top-handle-tote/feed/index.html]
[baloo.az-theme.net/wp-content/uploads/2019/05/valerie-elash-1252873-unsplash-1200x700.jpg]
[baloo.az-theme.net/wp-content/uploads/2019/05/orlova-maria-1357001-unsplash-570x524.jpg]
[baloo.az-theme.net/angelina-jolies-secret-style-weapon-the-top-handle-tote/index.html]
[baloo.az-theme.net/wp-json/oembed/1.0/embedbfee.json]
[baloo.az-theme.net/yes-kylie-jenners-party-clutch-is-a-blinged-out-bodega-bag/feed/index.html]
[baloo.az-theme.net/wp-json/oembed/1.0/embedb293]
[baloo.az-theme.net/wp-content/uploads/2019/05/jonathan-borba-1500705-unsplash-1200x700.jpg]
[baloo.az-theme.net/wp-content/uploads/2019/05/galina-n-200668-unsplash-570x524.jpg]
[baloo.az-theme.net/yes-kylie-jenners-party-clutch-is-a-blinged-out-bodega-bag/index.html]
[baloo.az-theme.net/wp-json/oembed/1.0/embedcc35.json]
[baloo.az-theme.net/blake-lively-keeps-cool-in-the-casual-off-duty-suit/feed/index.html]
[baloo.az-theme.net/wp-json/oembed/1.0/embed0c2c]
[baloo.az-theme.net/blake-lively-keeps-cool-in-the-casual-off-duty-suit/index.html]
[baloo.az-theme.net/wp-content/uploads/2019/05/ali-pazani-1524042-unsplash-1200x700.jpg]
[baloo.az-theme.net/wp-json/oembed/1.0/embed503e.json]
[baloo.az-theme.net/shop-these-top-15-sleek-alternatives-to-the-bulky-backpack/feed/index.html]
[baloo.az-theme.net/wp-json/oembed/1.0/embed5865]
[baloo.az-theme.net/wp-content/uploads/2019/05/orlova-maria-1357001-unsplash-1200x700.jpg]
[baloo.az-theme.net/shop-these-top-15-sleek-alternatives-to-the-bulky-backpack/index.html]
[baloo.az-theme.net/wp-json/oembed/1.0/embed3e96.json]
[baloo.az-theme.net/special-cloth-alert-cut-from-a-special-cloth/feed/index.html]
[baloo.az-theme.net/wp-content/uploads/2019/05/plush-design-studio-747795-unsplash-570x524.jpg]
[baloo.az-theme.net/special-cloth-alert-cut-from-a-special-cloth/index.html]
[baloo.az-theme.net/category/food-drink/index.html]
[baloo.az-theme.net/wp-content/uploads/2019/05/gabrielle-henderson-1290768-unsplash.jpg]
[baloo.az-theme.net/category/world-news/index.html]
[baloo.az-theme.net/category/world-news/feed/index.html]
[baloo.az-theme.net/wp-json/oembed/1.0/embed6f75.json]
[baloo.az-theme.net/duis-aute-irure-dolor-in-reprehenderit-in-voluptate-velit/feed/index.html]
[baloo.az-theme.net/wp-json/oembed/1.0/embed2782]
[baloo.az-theme.net/wp-content/uploads/2019/05/gabrielle-henderson-701889-unsplash-1200x700.jpg]
[baloo.az-theme.net/duis-aute-irure-dolor-in-reprehenderit-in-voluptate-velit/index.html]
[baloo.az-theme.net/wp-json/oembed/1.0/embedc299.json]
[baloo.az-theme.net/they-key-is-to-have-every-key-the-key-to-open-every-door/feed/index.html]
[baloo.az-theme.net/wp-content/uploads/2019/05/igor-son-285029-unsplash-1200x700.jpg]
[baloo.az-theme.net/wp-content/uploads/2019/05/gabrielle-henderson-1290768-unsplash-570x524.jpg]
[baloo.az-theme.net/they-key-is-to-have-every-key-the-key-to-open-every-door/index.html]
[baloo.az-theme.net/wp-json/oembed/1.0/embedde17.json]
[baloo.az-theme.net/of-course-they-dont-want-us-to-eat-our-breakfast/feed/index.html]
[baloo.az-theme.net/wp-json/oembed/1.0/embede8ed]
[baloo.az-theme.net/wp-content/uploads/2019/05/gabrielle-henderson-1290768-unsplash-1200x700.jpg]
[baloo.az-theme.net/wp-content/uploads/2019/05/john-mark-arnold-223717-unsplash-570x524.jpg]
[baloo.az-theme.net/of-course-they-dont-want-us-to-eat-our-breakfast/index.html]
[baloo.az-theme.net/wp-json/oembed/1.0/embed6836.json]
[baloo.az-theme.net/as-steve-kerr-admitted-before-the-warriors/feed/index.html]
[baloo.az-theme.net/as-steve-kerr-admitted-before-the-warriors/index.html]
[baloo.az-theme.net/wp-json/oembed/1.0/embed7750]
[baloo.az-theme.net/wp-json/oembed/1.0/embeddd23.json]
[baloo.az-theme.net/as-steve-kerr-admitted-before-the-warriors-2/feed/index.html]
[baloo.az-theme.net/wp-json/oembed/1.0/embed1ef6]
[baloo.az-theme.net/as-steve-kerr-admitted-before-the-warriors-2/index.html]
[baloo.az-theme.net/wp-content/uploads/2019/05/magda-fou-421485-unsplash-1200x700.jpg]
[baloo.az-theme.net/wp-json/oembed/1.0/embedebc8.json]
[baloo.az-theme.net/wp-json/oembed/1.0/embed3952]
[baloo.az-theme.net/wp-content/uploads/2019/05/arnel-hasanovic-375269-unsplash-1200x700.jpg]
[baloo.az-theme.net/egyptair-flight-crashes-with-66-people-on-board-2/index.html]
[baloo.az-theme.net/egyptair-flight-crashes-with-66-people-on-board-2/feed/index.html]
[baloo.az-theme.net/wp-json/oembed/1.0/embed0d17.json]
[baloo.az-theme.net/wp-json/oembed/1.0/embed4f9d]
[baloo.az-theme.net/lets-see-what-chef-dee-got-that-they-dont-want-us-to-eat/feed/index.html]
[baloo.az-theme.net/wp-content/uploads/2019/05/heidi-sandstrom-259886-unsplash-1200x700.jpg]
[baloo.az-theme.net/lets-see-what-chef-dee-got-that-they-dont-want-us-to-eat/index.html]
[baloo.az-theme.net/page/2/index.html]
[baloo.az-theme.net/page/3/index.html]
[baloo.az-theme.net/wp-json/oembed/1.0/embedb1d2.json]
[baloo.az-theme.net/wp-json/oembed/1.0/embed2a8b]
[baloo.az-theme.net/egyptair-flight-crashes-with-66-people-on-board/feed/index.html]
[baloo.az-theme.net/egyptair-flight-crashes-with-66-people-on-board/index.html]
[baloo.az-theme.net/wp-content/uploads/2019/05/taneli-lahtinen-1027400-unsplash-570x524.jpg]
[baloo.az-theme.net/index4837.html]
[baloo.az-theme.net/index6c46.html]
[baloo.az-theme.net/indexdd23.html]
[baloo.az-theme.net/index2df4.html]
[baloo.az-theme.net/indexd419.html]
[baloo.az-theme.net/index8f25.html]
[baloo.az-theme.net/page/3/index2230.html]
[baloo.az-theme.net/page/2/index2230.html]
[baloo.az-theme.net/page/2/indexcad7.html]
[baloo.az-theme.net/page/3/indexcad7.html]
[baloo.az-theme.net/wp-content/uploads/2019/05/orlova-maria-1357001-unsplash-585x390.jpg]
[baloo.az-theme.net/index5bdd.html]
[baloo.az-theme.net/index570c.html]
[baloo.az-theme.net/indexd1be.html]
[baloo.az-theme.net/page/3/index56cf.html]
[baloo.az-theme.net/index136f.html]
[baloo.az-theme.net/page/2/indexd128.html]
[baloo.az-theme.net/page/2/index56cf.html]
[baloo.az-theme.net/page/3/indexd128.html]
[baloo.az-theme.net/indexa199.html]
[baloo.az-theme.net/page/2/index9115.html]
[baloo.az-theme.net/indexa246.html]
[baloo.az-theme.net/page/2/index5a89.html]
[baloo.az-theme.net/index8a84.html]
[baloo.az-theme.net/page/3/index9115.html]
[baloo.az-theme.net/indexf9d2.html]
[baloo.az-theme.net/page/3/index5a89.html]
[baloo.az-theme.net/index1098.html]
[baloo.az-theme.net/indexdef9.html]
[baloo.az-theme.net/page/2/index4ce5.html]
[baloo.az-theme.net/page/3/index4ce5.html]
[baloo.az-theme.net/index735a.html]
[baloo.az-theme.net/page/2/index52e1.html]
[baloo.az-theme.net/page/3/index52e1.html]
[baloo.az-theme.net/page/3/indexf41f.html]
[baloo.az-theme.net/page/2/indexf41f.html]
[baloo.az-theme.net/page/2/index3e6c.html]
[baloo.az-theme.net/index6ffe.html]
[baloo.az-theme.net/wp-json/oembed/1.0/embed3406]
[baloo.az-theme.net/page/3/index3e6c.html]
[baloo.az-theme.net/wp-json/oembed/1.0/embed67a8.json]
[baloo.az-theme.net/i-take-better-pictures-caffeinated/feed/index.html]
[baloo.az-theme.net/wp-json/oembed/1.0/embede18c]
[baloo.az-theme.net/i-take-better-pictures-caffeinated/index.html]
[baloo.az-theme.net/wp-content/uploads/2019/05/taneli-lahtinen-1027400-unsplash-1200x700.jpg]
[baloo.az-theme.net/index4ab3.html]
[baloo.az-theme.net/indexd52d.html]
[baloo.az-theme.net/index3fbb.html]
[baloo.az-theme.net/indexb135.html]
[baloo.az-theme.net/indexe839.html]
[baloo.az-theme.net/index094d.html]
[baloo.az-theme.net/wp-json/oembed/1.0/embedd1ba]
[baloo.az-theme.net/category/food-drink/feed/index.html]
[baloo.az-theme.net/index9787.html]
[baloo.az-theme.net/wp-json/oembed/1.0/embed7683]
[baloo.az-theme.net/index8cf7.html]
[baloo.az-theme.net/index5e74.html]
[baloo.az-theme.net/index4170.html]
[baloo.az-theme.net/indexcbb6.html]
[baloo.az-theme.net/page/2/index2230.html]
[baloo.az-theme.net/page/3/index2230.html]
[baloo.az-theme.net/page/2/indexcad7.html]
[baloo.az-theme.net/page/3/indexcad7.html]
[baloo.az-theme.net/indexcad7.html]
[baloo.az-theme.net/page/2/index56cf.html]
[baloo.az-theme.net/page/3/index56cf.html]
[baloo.az-theme.net/page/2/indexd128.html]
[baloo.az-theme.net/page/3/indexd128.html]
[baloo.az-theme.net/page/2/index9115.html]
[baloo.az-theme.net/wp-content/uploads/2019/05/ishan-seefromthesky-1113275-unsplash-585x390.jpg]
[baloo.az-theme.net/page/3/index9115.html]
[baloo.az-theme.net/page/2/index5a89.html]
[baloo.az-theme.net/page/3/index5a89.html]
[baloo.az-theme.net/indexdef9.html]
[baloo.az-theme.net/index56cf.html]
[baloo.az-theme.net/page/2/index4ce5.html]
[baloo.az-theme.net/index9115.html]
[baloo.az-theme.net/page/3/index4ce5.html]
[baloo.az-theme.net/index5a89.html]
[baloo.az-theme.net/page/2/index52e1.html]
[baloo.az-theme.net/page/2/indexd559.html]
[baloo.az-theme.net/page/3/index52e1.html]
[baloo.az-theme.net/page/2/indexf41f.html]
[baloo.az-theme.net/page/3/indexd559.html]
[baloo.az-theme.net/page/3/indexf41f.html]
[baloo.az-theme.net/page/2/index3e6c.html]
[baloo.az-theme.net/index4ce5.html]
[baloo.az-theme.net/page/3/index3e6c.html]
[baloo.az-theme.net/index287b.html]
[baloo.az-theme.net/indexcb30.html]
[baloo.az-theme.net/index5c36.html]
[baloo.az-theme.net/index8054.html]
[baloo.az-theme.net/index5fb3.html]
[baloo.az-theme.net/index0012.html]
[baloo.az-theme.net/index52e1.html]
[baloo.az-theme.net/indexcad7.html]
[baloo.az-theme.net/index56cf.html]
[baloo.az-theme.net/indexf41f.html]
[baloo.az-theme.net/index9115.html]
[baloo.az-theme.net/index5a89.html]
[baloo.az-theme.net/page/2/indexd559.html]
[baloo.az-theme.net/index3e6c.html]
[baloo.az-theme.net/page/3/indexd559.html]
[baloo.az-theme.net/index4ce5.html]
[baloo.az-theme.net/index52e1.html]
[baloo.az-theme.net/indexf41f.html]
[baloo.az-theme.net/index3e6c.html]
[baloo.az-theme.net/index2230.html]
[baloo.az-theme.net/index2230.html]
[baloo.az-theme.net/indexd128.html]
[baloo.az-theme.net/indexd128.html]
[baloo.az-theme.net/indexd559.html]
[baloo.az-theme.net/indexd559.html]
[baloo.az-theme.net/wp-json/index.html]
[baloo.az-theme.net/wp-includes/css/dist/block-library/style.min0606.css]
[baloo.az-theme.net/wp-content/plugins/contact-form-7/includes/css/styles58e0.css]
[baloo.az-theme.net/wp-content/themes/baloo/libs/bootstrap/bootstrap0606.css]
[baloo.az-theme.net/wp-content/themes/baloo/libs/font-awesome/webfonts/fa-brands-400.eot]
[baloo.az-theme.net/wp-content/themes/baloo/libs/font-awesome/webfonts/fa-brands-400d41d.eot]
[baloo.az-theme.net/21-crazy-fast-dessert-recipes-that-crush-sugar/feed/index.html]
[baloo.az-theme.net/wp-content/themes/baloo/libs/font-awesome/webfonts/fa-brands-400.woff2]
[baloo.az-theme.net/wp-content/themes/baloo/libs/font-awesome/webfonts/fa-brands-400.woff]
[baloo.az-theme.net/how-to-take-the-perfect-selfie-according-to-a-celebrity/feed/index.html]
[baloo.az-theme.net/wp-json/oembed/1.0/embede95f]
[baloo.az-theme.net/wp-content/themes/baloo/libs/font-awesome/webfonts/fa-brands-400.ttf]
[baloo.az-theme.net/what-to-make-for-dinner-every-night-this-month/feed/index.html]
[baloo.az-theme.net/wp-json/oembed/1.0/embedcd0a]
[baloo.az-theme.net/self-healing-material-that-can-carry-current-may-advance-robotics/feed/index.html]
[baloo.az-theme.net/egyptair-flight-crashes-with-66-people-on-board-3/feed/index.html]
[baloo.az-theme.net/wp-content/themes/baloo/libs/font-awesome/webfonts/fa-brands-400.svg]
[baloo.az-theme.net/wp-content/themes/baloo/libs/font-awesome/webfonts/fa-regular-400.eot]
[baloo.az-theme.net/wp-json/oembed/1.0/embedd46f.json]
[baloo.az-theme.net/wp-content/themes/baloo/libs/font-awesome/webfonts/fa-regular-400d41d.eot]
[baloo.az-theme.net/wp-json/oembed/1.0/embed1d99]
[baloo.az-theme.net/here-are-the-15-best-bralettes-for-summer-you-can-get-for-under-200/feed/index.html]
[baloo.az-theme.net/wp-json/oembed/1.0/embed399d.json]
[baloo.az-theme.net/wp-content/themes/baloo/libs/font-awesome/webfonts/fa-regular-400.woff2]
[baloo.az-theme.net/wp-json/oembed/1.0/embeded30]
[baloo.az-theme.net/wp-content/themes/baloo/libs/font-awesome/webfonts/fa-regular-400.woff]
[baloo.az-theme.net/the-driving-forces-powering-mens-fashion-today/feed/index.html]
[baloo.az-theme.net/wp-json/oembed/1.0/embedb4d3.json]
[baloo.az-theme.net/wp-content/themes/baloo/libs/font-awesome/webfonts/fa-regular-400.ttf]
[baloo.az-theme.net/angelina-jolie-has-found-the-perfect-summer-office-uniform/feed/index.html]
[baloo.az-theme.net/wp-json/oembed/1.0/embedac12]
[baloo.az-theme.net/category/lifestyle/feed/index.html]
[baloo.az-theme.net/wp-content/themes/baloo/libs/font-awesome/webfonts/fa-regular-400.svg]
[baloo.az-theme.net/wp-content/themes/baloo/libs/font-awesome/webfonts/fa-solid-900.eot]
[baloo.az-theme.net/wp-content/themes/baloo/libs/font-awesome/webfonts/fa-solid-900d41d.eot]
[baloo.az-theme.net/category/travel/feed/index.html]
[baloo.az-theme.net/wp-json/oembed/1.0/embed31e4.json]
[baloo.az-theme.net/wp-content/themes/baloo/libs/font-awesome/webfonts/fa-solid-900.woff2]
[baloo.az-theme.net/wp-json/oembed/1.0/embed7a3c]
[baloo.az-theme.net/wp-content/themes/baloo/libs/font-awesome/webfonts/fa-solid-900.woff]
[baloo.az-theme.net/category/fashion/feed/index.html]
[baloo.az-theme.net/angelina-jolies-secret-style-weapon-the-top-handle-tote/feed/index.html]
[baloo.az-theme.net/wp-content/themes/baloo/libs/font-awesome/webfonts/fa-solid-900.ttf]
[baloo.az-theme.net/yes-kylie-jenners-party-clutch-is-a-blinged-out-bodega-bag/feed/index.html]
[baloo.az-theme.net/wp-json/oembed/1.0/embedb293]
[baloo.az-theme.net/blake-lively-keeps-cool-in-the-casual-off-duty-suit/feed/index.html]
[baloo.az-theme.net/wp-content/themes/baloo/libs/font-awesome/css/all0606.css]
[baloo.az-theme.net/wp-json/oembed/1.0/embed0c2c]
[baloo.az-theme.net/wp-content/themes/baloo/libs/font-awesome/webfonts/fa-solid-900.svg]
[baloo.az-theme.net/shop-these-top-15-sleek-alternatives-to-the-bulky-backpack/feed/index.html]
[baloo.az-theme.net/wp-json/oembed/1.0/embed5865]
[baloo.az-theme.net/special-cloth-alert-cut-from-a-special-cloth/feed/index.html]
[baloo.az-theme.net/wp-content/themes/baloo/libs/chosen/chosen-sprite.png]
[baloo.az-theme.net/category/world-news/feed/index.html]
[baloo.az-theme.net/wp-content/themes/baloo/libs/chosen/chosen-sprite@2x.png]
[baloo.az-theme.net/wp-content/themes/baloo/libs/chosen/chosen0606.css]
[baloo.az-theme.net/duis-aute-irure-dolor-in-reprehenderit-in-voluptate-velit/feed/index.html]
[baloo.az-theme.net/wp-json/oembed/1.0/embed6f75.json]
[baloo.az-theme.net/wp-json/oembed/1.0/embed2782]
[baloo.az-theme.net/they-key-is-to-have-every-key-the-key-to-open-every-door/feed/index.html]
[baloo.az-theme.net/wp-content/themes/baloo/libs/owl/owl.video.play.png]
[baloo.az-theme.net/wp-content/themes/baloo/libs/owl/owl.carousel0606.css]
[baloo.az-theme.net/wp-json/oembed/1.0/embedde17.json]
[baloo.az-theme.net/of-course-they-dont-want-us-to-eat-our-breakfast/feed/index.html]
[baloo.az-theme.net/wp-json/oembed/1.0/embede8ed]
[baloo.az-theme.net/as-steve-kerr-admitted-before-the-warriors/feed/index.html]
[baloo.az-theme.net/wp-content/themes/baloo/style0606.css]
[baloo.az-theme.net/wp-json/oembed/1.0/embed6836.json]
[baloo.az-theme.net/as-steve-kerr-admitted-before-the-warriors-2/feed/index.html]
[baloo.az-theme.net/wp-json/oembed/1.0/embed1ef6]
[baloo.az-theme.net/egyptair-flight-crashes-with-66-people-on-board-2/feed/index.html]
[baloo.az-theme.net/xmlrpc0db0.php]
[baloo.az-theme.net/lets-see-what-chef-dee-got-that-they-dont-want-us-to-eat/feed/index.html]
[baloo.az-theme.net/wp-json/oembed/1.0/embed4f9d]
[baloo.az-theme.net/egyptair-flight-crashes-with-66-people-on-board/feed/index.html]
[baloo.az-theme.net/wp-json/oembed/1.0/embed2a8b]
[baloo.az-theme.net/wp-json/oembed/1.0/embed3406]
[baloo.az-theme.net/i-take-better-pictures-caffeinated/feed/index.html]
[baloo.az-theme.net/self-healing-material-that-can-carry-current-may-advance-robotics/index.html]
[baloo.az-theme.net/index25b0.html]
[baloo.az-theme.net/category/fashion/index.html]
[baloo.az-theme.net/yes-kylie-jenners-party-clutch-is-a-blinged-out-bodega-bag/index.html]
[baloo.az-theme.net/category/food-drink/feed/index.html]
[baloo.az-theme.net/blake-lively-keeps-cool-in-the-casual-off-duty-suit/index.html]
[baloo.az-theme.net/shop-these-top-15-sleek-alternatives-to-the-bulky-backpack/index.html]
[baloo.az-theme.net/category/food-drink/index.html]
[baloo.az-theme.net/wp-content/plugins/shared-counts/assets/css/shared-counts.min6f3e.css]
[baloo.az-theme.net/index6c46.html]
[baloo.az-theme.net/indexdd23.html]
[baloo.az-theme.net/index2df4.html]
[baloo.az-theme.net/indexd419.html]
[baloo.az-theme.net/index735a.html]
[baloo.az-theme.net/index287b.html]
[baloo.az-theme.net/wp-json/oembed/1.0/embed3406]
[baloo.az-theme.net/index6ffe.html]
[baloo.az-theme.net/i-take-better-pictures-caffeinated/index.html]
[baloo.az-theme.net/index4ab3.html]
[baloo.az-theme.net/wp-json/oembed/1.0/embed12a9]
[baloo.az-theme.net/indexd52d.html]
[baloo.az-theme.net/index3fbb.html]
[baloo.az-theme.net/indexb135.html]
[baloo.az-theme.net/indexe839.html]
[baloo.az-theme.net/index094d.html]
[baloo.az-theme.net/index5c36.html]
[baloo.az-theme.net/wp-content/uploads/2019/05/gabrielle-henderson-701889-unsplash-570x524.jpg]
[baloo.az-theme.net/index9787.html]
[baloo.az-theme.net/index8054.html]
[baloo.az-theme.net/index5fb3.html]
[baloo.az-theme.net/index0012.html]
[baloo.az-theme.net/index8cf7.html]
[baloo.az-theme.net/index5e74.html]
[baloo.az-theme.net/index4170.html]
[baloo.az-theme.net/indexcbb6.html]
[baloo.az-theme.net/page/2/index2230.html]
[baloo.az-theme.net/page/2/index56cf.html]
[baloo.az-theme.net/indexcb30.html]
[baloo.az-theme.net/index5c36.html]
[baloo.az-theme.net/index8054.html]
[baloo.az-theme.net/index5fb3.html]
[baloo.az-theme.net/wp-content/uploads/2019/05/taneli-lahtinen-1027400-unsplash-585x390.jpg]
[baloo.az-theme.net/index56cf.html]
[baloo.az-theme.net/wp-content/themes/baloo/libs/font-awesome/webfonts/fa-brands-400.svg]
[baloo.az-theme.net/wp-content/themes/baloo/libs/font-awesome/webfonts/fa-regular-400.svg]
[baloo.az-theme.net/wp-content/themes/baloo/libs/font-awesome/webfonts/fa-solid-900.svg]
[baloo.az-theme.net/wp-content/themes/baloo/libs/owl/owl.video.play.html]
[baloo.az-theme.net/wp-content/plugins/contact-form-7/images/ajax-loader.gif]
[baloo.az-theme.net/wp-content/themes/baloo/assets/images/select.png]
[baloo.az-theme.net/index1098.html]
